{"min_dist": 0.0, "n_neighbors": 5}                          seed=0    0.49s  trust 0.952  knn 0.952  dcorr 0.325
{"min_dist": 0.0, "n_neighbors": 5}                          seed=1    0.48s  trust 0.953  knn 0.946  dcorr 0.280
{"min_dist": 0.0, "n_neighbors": 5}                          seed=2    0.49s  trust 0.956  knn 0.955  dcorr 0.309
{"min_dist": 0.1, "n_neighbors": 5}                          seed=0    0.55s  trust 0.951  knn 0.951  dcorr 0.333
{"min_dist": 0.1, "n_neighbors": 5}                          seed=1    0.50s  trust 0.953  knn 0.944  dcorr 0.285
{"min_dist": 0.1, "n_neighbors": 5}                          seed=2    0.53s  trust 0.953  knn 0.954  dcorr 0.313
{"min_dist": 0.5, "n_neighbors": 5}                          seed=0    0.49s  trust 0.936  knn 0.930  dcorr 0.367
{"min_dist": 0.5, "n_neighbors": 5}                          seed=1    0.47s  trust 0.936  knn 0.918  dcorr 0.323
{"min_dist": 0.5, "n_neighbors": 5}                          seed=2    0.52s  trust 0.939  knn 0.928  dcorr 0.343
{"min_dist": 0.0, "n_neighbors": 15}                         seed=0    0.53s  trust 0.953  knn 0.954  dcorr 0.321
{"min_dist": 0.0, "n_neighbors": 15}                         seed=1    0.52s  trust 0.955  knn 0.950  dcorr 0.281
{"min_dist": 0.0, "n_neighbors": 15}                         seed=2    0.54s  trust 0.955  knn 0.956  dcorr 0.310
{"min_dist": 0.1, "n_neighbors": 15}                         seed=0    0.50s  trust 0.949  knn 0.938  dcorr 0.313
{"min_dist": 0.1, "n_neighbors": 15}                         seed=1    0.55s  trust 0.954  knn 0.945  dcorr 0.277
{"min_dist": 0.1, "n_neighbors": 15}                         seed=2    0.52s  trust 0.953  knn 0.947  dcorr 0.292
{"min_dist": 0.5, "n_neighbors": 15}                         seed=0    0.52s  trust 0.937  knn 0.908  dcorr 0.366
{"min_dist": 0.5, "n_neighbors": 15}                         seed=1    0.53s  trust 0.941  knn 0.900  dcorr 0.288
{"min_dist": 0.5, "n_neighbors": 15}                         seed=2    0.53s  trust 0.943  knn 0.908  dcorr 0.354
{"min_dist": 0.0, "n_neighbors": 30}                         seed=0    0.62s  trust 0.954  knn 0.950  dcorr 0.319
{"min_dist": 0.0, "n_neighbors": 30}                         seed=1    0.59s  trust 0.955  knn 0.951  dcorr 0.260
{"min_dist": 0.0, "n_neighbors": 30}                         seed=2    0.66s  trust 0.956  knn 0.956  dcorr 0.308
{"min_dist": 0.1, "n_neighbors": 30}                         seed=0    0.59s  trust 0.950  knn 0.949  dcorr 0.328
{"min_dist": 0.1, "n_neighbors": 30}                         seed=1    0.63s  trust 0.954  knn 0.950  dcorr 0.270
{"min_dist": 0.1, "n_neighbors": 30}                         seed=2    0.57s  trust 0.955  knn 0.954  dcorr 0.315
{"min_dist": 0.5, "n_neighbors": 30}                         seed=0    0.58s  trust 0.939  knn 0.932  dcorr 0.369
{"min_dist": 0.5, "n_neighbors": 30}                         seed=1    0.59s  trust 0.939  knn 0.927  dcorr 0.307
{"min_dist": 0.5, "n_neighbors": 30}                         seed=2    0.60s  trust 0.941  knn 0.936  dcorr 0.351
{"min_dist": 0.0, "n_neighbors": 100}                        seed=0    0.70s  trust 0.949  knn 0.933  dcorr 0.345
{"min_dist": 0.0, "n_neighbors": 100}                        seed=1    0.68s  trust 0.950  knn 0.939  dcorr 0.291
{"min_dist": 0.0, "n_neighbors": 100}                        seed=2    0.69s  trust 0.951  knn 0.942  dcorr 0.338
{"min_dist": 0.1, "n_neighbors": 100}                        seed=0    0.71s  trust 0.947  knn 0.929  dcorr 0.355
{"min_dist": 0.1, "n_neighbors": 100}                        seed=1    0.70s  trust 0.948  knn 0.934  dcorr 0.295
{"min_dist": 0.1, "n_neighbors": 100}                        seed=2    0.66s  trust 0.950  knn 0.939  dcorr 0.330
{"min_dist": 0.5, "n_neighbors": 100}                        seed=0    0.69s  trust 0.930  knn 0.858  dcorr 0.362
{"min_dist": 0.5, "n_neighbors": 100}                        seed=1    0.71s  trust 0.935  knn 0.913  dcorr 0.290
{"min_dist": 0.5, "n_neighbors": 100}                        seed=2    0.65s  trust 0.933  knn 0.901  dcorr 0.339
{"min_dist": 0.0, "n_neighbors": 200}                        seed=0    0.94s  trust 0.945  knn 0.914  dcorr 0.355
{"min_dist": 0.0, "n_neighbors": 200}                        seed=1    0.92s  trust 0.948  knn 0.918  dcorr 0.295
{"min_dist": 0.0, "n_neighbors": 200}                        seed=2    0.98s  trust 0.949  knn 0.926  dcorr 0.337
{"min_dist": 0.1, "n_neighbors": 200}                        seed=0    0.95s  trust 0.943  knn 0.907  dcorr 0.349
{"min_dist": 0.1, "n_neighbors": 200}                        seed=1    1.01s  trust 0.945  knn 0.910  dcorr 0.295
{"min_dist": 0.1, "n_neighbors": 200}                        seed=2    0.98s  trust 0.947  knn 0.918  dcorr 0.321
{"min_dist": 0.5, "n_neighbors": 200}                        seed=0    0.95s  trust 0.925  knn 0.842  dcorr 0.364
{"min_dist": 0.5, "n_neighbors": 200}                        seed=1    0.94s  trust 0.927  knn 0.856  dcorr 0.307
{"min_dist": 0.5, "n_neighbors": 200}                        seed=2    0.99s  trust 0.929  knn 0.848  dcorr 0.351
best: {'min_dist': 0.0, 'n_neighbors': 30}  (trustworthiness 0.9552)
[guard] peak memory 2073 MB (limit 5500 MB)
