pca      n=  5000       0.1s  rss     215 MB  trust 0.732  knn 0.406
lvm      n=  5000      10.8s  rss    1841 MB  trust 0.799  knn 0.627
lvm_cpu  n=  5000      94.6s  rss    2938 MB  trust 0.799  knn 0.626
umap     n=  5000      11.0s  rss     664 MB  trust 0.957  knn 0.916
le       n=  5000       1.7s  rss     235 MB  trust 0.825  knn 0.664
pca      n= 10000       0.3s  rss     249 MB  trust 0.734  knn 0.415
lvm      n= 10000      13.4s  rss    2056 MB  trust 0.779  knn 0.614
lvm_cpu  n= 10000      85.6s  rss    3006 MB  trust 0.779  knn 0.613
umap     n= 10000      12.4s  rss     738 MB  trust 0.958  knn 0.928
le       n= 10000       8.6s  rss     441 MB  trust 0.846  knn 0.707
pca      n= 20000       0.3s  rss     318 MB  trust 0.741  knn 0.419
lvm      n= 20000      20.9s  rss    2420 MB  trust 0.817  knn 0.686
lvm_cpu  n= 20000      86.2s  rss    3151 MB  trust 0.816  knn 0.686
umap     n= 20000      13.0s  rss     931 MB  trust 0.957  knn 0.956
le       n= 20000      49.4s  rss    1139 MB  trust 0.836  knn 0.717
pca      n= 40000       0.6s  rss     476 MB  trust 0.735  knn 0.416
lvm      n= 40000      33.1s  rss    3145 MB  trust 0.802  knn 0.675
lvm_cpu  n= 40000      86.6s  rss    3452 MB  trust 0.802  knn 0.675
umap     n= 40000      17.6s  rss    1343 MB  trust 0.953  knn 0.967
le       n= 40000     482.8s  rss    3042 MB  trust 0.835  knn 0.744
pca      n= 70000       1.3s  rss     713 MB  trust 0.738  knn 0.417
lvm      n= 70000      50.8s  rss    4045 MB  trust 0.815  knn 0.711
lvm_cpu  n= 70000     101.8s  rss    3721 MB  trust 0.817  knn 0.711
umap     n= 70000      19.8s  rss    1992 MB  trust 0.953  knn 0.969
