{"late_exaggeration": 1.0, "perplexity": 5}                  seed=0    0.95s  trust 0.954  knn 0.940  dcorr 0.365
{"late_exaggeration": 1.0, "perplexity": 5}                  seed=1    1.03s  trust 0.956  knn 0.937  dcorr 0.299
{"late_exaggeration": 1.0, "perplexity": 5}                  seed=2    1.08s  trust 0.954  knn 0.939  dcorr 0.343
{"late_exaggeration": 2.0, "perplexity": 5}                  seed=0    0.93s  trust 0.972  knn 0.951  dcorr 0.350
{"late_exaggeration": 2.0, "perplexity": 5}                  seed=1    0.97s  trust 0.973  knn 0.950  dcorr 0.284
{"late_exaggeration": 2.0, "perplexity": 5}                  seed=2    0.97s  trust 0.975  knn 0.959  dcorr 0.329
{"late_exaggeration": 4.0, "perplexity": 5}                  seed=0    1.02s  trust 0.977  knn 0.955  dcorr 0.335
{"late_exaggeration": 4.0, "perplexity": 5}                  seed=1    1.01s  trust 0.978  knn 0.954  dcorr 0.269
{"late_exaggeration": 4.0, "perplexity": 5}                  seed=2    1.05s  trust 0.979  knn 0.958  dcorr 0.316
{"late_exaggeration": 1.0, "perplexity": 15}                 seed=0    1.17s  trust 0.965  knn 0.942  dcorr 0.365
{"late_exaggeration": 1.0, "perplexity": 15}                 seed=1    1.11s  trust 0.967  knn 0.941  dcorr 0.303
{"late_exaggeration": 1.0, "perplexity": 15}                 seed=2    1.05s  trust 0.966  knn 0.942  dcorr 0.333
{"late_exaggeration": 2.0, "perplexity": 15}                 seed=0    1.09s  trust 0.977  knn 0.948  dcorr 0.348
{"late_exaggeration": 2.0, "perplexity": 15}                 seed=1    1.10s  trust 0.978  knn 0.947  dcorr 0.292
{"late_exaggeration": 2.0, "perplexity": 15}                 seed=2    1.05s  trust 0.978  knn 0.950  dcorr 0.327
{"late_exaggeration": 4.0, "perplexity": 15}                 seed=0    1.13s  trust 0.961  knn 0.946  dcorr 0.350
{"late_exaggeration": 4.0, "perplexity": 15}                 seed=1    1.12s  trust 0.962  knn 0.946  dcorr 0.297
{"late_exaggeration": 4.0, "perplexity": 15}                 seed=2    1.03s  trust 0.963  knn 0.948  dcorr 0.343
{"late_exaggeration": 1.0, "perplexity": 30}                 seed=0    1.39s  trust 0.966  knn 0.927  dcorr 0.386
{"late_exaggeration": 1.0, "perplexity": 30}                 seed=1    1.42s  trust 0.969  knn 0.924  dcorr 0.341
{"late_exaggeration": 1.0, "perplexity": 30}                 seed=2    1.44s  trust 0.969  knn 0.932  dcorr 0.375
{"late_exaggeration": 2.0, "perplexity": 30}                 seed=0    1.38s  trust 0.970  knn 0.938  dcorr 0.377
{"late_exaggeration": 2.0, "perplexity": 30}                 seed=1    1.36s  trust 0.972  knn 0.931  dcorr 0.330
{"late_exaggeration": 2.0, "perplexity": 30}                 seed=2    1.40s  trust 0.973  knn 0.944  dcorr 0.364
{"late_exaggeration": 4.0, "perplexity": 30}                 seed=0    1.40s  trust 0.952  knn 0.924  dcorr 0.384
{"late_exaggeration": 4.0, "perplexity": 30}                 seed=1    1.32s  trust 0.953  knn 0.924  dcorr 0.335
{"late_exaggeration": 4.0, "perplexity": 30}                 seed=2    1.34s  trust 0.954  knn 0.931  dcorr 0.366
{"late_exaggeration": 1.0, "perplexity": 50}                 seed=0    1.75s  trust 0.966  knn 0.918  dcorr 0.396
{"late_exaggeration": 1.0, "perplexity": 50}                 seed=1    1.72s  trust 0.967  knn 0.917  dcorr 0.351
{"late_exaggeration": 1.0, "perplexity": 50}                 seed=2    1.75s  trust 0.968  knn 0.925  dcorr 0.391
{"late_exaggeration": 2.0, "perplexity": 50}                 seed=0    1.70s  trust 0.963  knn 0.918  dcorr 0.417
{"late_exaggeration": 2.0, "perplexity": 50}                 seed=1    1.70s  trust 0.965  knn 0.917  dcorr 0.371
{"late_exaggeration": 2.0, "perplexity": 50}                 seed=2    1.75s  trust 0.966  knn 0.926  dcorr 0.404
{"late_exaggeration": 4.0, "perplexity": 50}                 seed=0    1.72s  trust 0.943  knn 0.889  dcorr 0.413
{"late_exaggeration": 4.0, "perplexity": 50}                 seed=1    1.69s  trust 0.945  knn 0.893  dcorr 0.365
{"late_exaggeration": 4.0, "perplexity": 50}                 seed=2    1.71s  trust 0.946  knn 0.900  dcorr 0.400
{"late_exaggeration": 1.0, "perplexity": 100}                seed=0    2.67s  trust 0.963  knn 0.900  dcorr 0.473
{"late_exaggeration": 1.0, "perplexity": 100}                seed=1    2.74s  trust 0.963  knn 0.907  dcorr 0.451
{"late_exaggeration": 1.0, "perplexity": 100}                seed=2    2.65s  trust 0.966  knn 0.917  dcorr 0.473
{"late_exaggeration": 2.0, "perplexity": 100}                seed=0    2.63s  trust 0.955  knn 0.879  dcorr 0.479
{"late_exaggeration": 2.0, "perplexity": 100}                seed=1    2.69s  trust 0.957  knn 0.880  dcorr 0.441
{"late_exaggeration": 2.0, "perplexity": 100}                seed=2    2.68s  trust 0.956  knn 0.889  dcorr 0.474
{"late_exaggeration": 4.0, "perplexity": 100}                seed=0    2.69s  trust 0.929  knn 0.843  dcorr 0.494
{"late_exaggeration": 4.0, "perplexity": 100}                seed=1    2.63s  trust 0.932  knn 0.852  dcorr 0.453
{"late_exaggeration": 4.0, "perplexity": 100}                seed=2    2.75s  trust 0.931  knn 0.850  dcorr 0.482
best: {'late_exaggeration': 2.0, 'perplexity': 15}  (trustworthiness 0.9779)
[guard] peak memory 2026 MB (limit 5500 MB)
