pca      n=  5000       0.2s  rss     280 MB  trust 0.732  knn 0.406
lvm      n=  5000       2.1s  rss    2302 MB  trust 0.777  knn 0.640
umap_gpu n=  5000       0.2s  rss    1197 MB  trust 0.958  knn 0.913
lvm_cpu  n=  5000      25.1s  rss    1398 MB  trust 0.772  knn 0.646
umap     n=  5000       9.4s  rss     716 MB  trust 0.956  knn 0.909
le       n=  5000       0.8s  rss     300 MB  trust 0.825  knn 0.664
pca      n= 10000       0.4s  rss     313 MB  trust 0.734  knn 0.415
lvm      n= 10000       2.0s  rss    2422 MB  trust 0.791  knn 0.678
umap_gpu n= 10000       0.3s  rss    1286 MB  trust 0.958  knn 0.932
lvm_cpu  n= 10000      25.9s  rss    1458 MB  trust 0.784  knn 0.649
umap     n= 10000       9.3s  rss     802 MB  trust 0.957  knn 0.929
le       n= 10000       5.0s  rss     506 MB  trust 0.846  knn 0.707
pca      n= 20000       0.2s  rss     381 MB  trust 0.741  knn 0.419
lvm      n= 20000       2.1s  rss    2591 MB  trust 0.795  knn 0.670
umap_gpu n= 20000       0.5s  rss    1419 MB  trust 0.958  knn 0.958
lvm_cpu  n= 20000      28.9s  rss    1589 MB  trust 0.780  knn 0.658
umap     n= 20000       9.9s  rss     995 MB  trust 0.957  knn 0.955
le       n= 20000      31.0s  rss    1203 MB  trust 0.836  knn 0.717
pca      n= 40000       0.5s  rss     541 MB  trust 0.735  knn 0.416
lvm      n= 40000       2.3s  rss    2929 MB  trust 0.809  knn 0.701
umap_gpu n= 40000       1.5s  rss    1676 MB  trust 0.954  knn 0.968
lvm_cpu  n= 40000      31.7s  rss    1821 MB  trust 0.797  knn 0.681
umap     n= 40000      13.1s  rss    1403 MB  trust 0.954  knn 0.965
le       n= 40000     234.5s  rss    3103 MB  trust 0.835  knn 0.744
pca      n= 70000       0.8s  rss     778 MB  trust 0.738  knn 0.417
lvm      n= 70000       3.1s  rss    3305 MB  trust 0.809  knn 0.731
umap_gpu n= 70000       3.0s  rss    1943 MB  trust 0.952  knn 0.968
lvm_cpu  n= 70000      37.0s  rss    2050 MB  trust 0.810  knn 0.721
umap     n= 70000      17.6s  rss    2052 MB  trust 0.952  knn 0.969
le       n= 70000  skipped (above MAX_N=40000)
plot: /home/andosl/workspace/git-repos/localized-voltage-maps/benchmarks/results/mnist_scaling.png
