=== le
{"n_neighbors": 5}                                           seed=0    0.57s  trust 0.846  knn 0.709  dcorr 0.279
{"n_neighbors": 5}                                           seed=1    0.52s  trust 0.848  knn 0.715  dcorr 0.229
{"n_neighbors": 5}                                           seed=2    0.58s  trust 0.851  knn 0.719  dcorr 0.252
{"n_neighbors": 10}                                          seed=0    0.62s  trust 0.815  knn 0.675  dcorr 0.331
{"n_neighbors": 10}                                          seed=1    0.61s  trust 0.817  knn 0.677  dcorr 0.275
{"n_neighbors": 10}                                          seed=2    0.67s  trust 0.816  knn 0.676  dcorr 0.311
{"n_neighbors": 15}                                          seed=0    0.60s  trust 0.823  knn 0.681  dcorr 0.367
{"n_neighbors": 15}                                          seed=1    0.62s  trust 0.826  knn 0.681  dcorr 0.311
{"n_neighbors": 15}                                          seed=2    0.53s  trust 0.823  knn 0.677  dcorr 0.351
{"n_neighbors": 20}                                          seed=0    0.63s  trust 0.822  knn 0.688  dcorr 0.369
{"n_neighbors": 20}                                          seed=1    0.65s  trust 0.819  knn 0.681  dcorr 0.313
{"n_neighbors": 20}                                          seed=2    0.70s  trust 0.821  knn 0.689  dcorr 0.352
{"n_neighbors": 30}                                          seed=0    0.70s  trust 0.818  knn 0.687  dcorr 0.383
{"n_neighbors": 30}                                          seed=1    0.63s  trust 0.818  knn 0.687  dcorr 0.327
{"n_neighbors": 30}                                          seed=2    0.59s  trust 0.821  knn 0.695  dcorr 0.366
{"n_neighbors": 50}                                          seed=0    0.62s  trust 0.814  knn 0.677  dcorr 0.399
{"n_neighbors": 50}                                          seed=1    0.59s  trust 0.814  knn 0.678  dcorr 0.343
{"n_neighbors": 50}                                          seed=2    0.61s  trust 0.820  knn 0.690  dcorr 0.381
{"n_neighbors": 75}                                          seed=0    0.50s  trust 0.812  knn 0.672  dcorr 0.415
{"n_neighbors": 75}                                          seed=1    0.37s  trust 0.813  knn 0.671  dcorr 0.359
{"n_neighbors": 75}                                          seed=2    0.38s  trust 0.815  knn 0.675  dcorr 0.397
{"n_neighbors": 100}                                         seed=0    0.43s  trust 0.811  knn 0.667  dcorr 0.422
{"n_neighbors": 100}                                         seed=1    0.47s  trust 0.810  knn 0.661  dcorr 0.367
{"n_neighbors": 100}                                         seed=2    0.44s  trust 0.813  knn 0.665  dcorr 0.404
best: {'n_neighbors': 5}  (trustworthiness 0.8481)
=== umap
{"min_dist": 0.0, "n_neighbors": 5}                          seed=0    0.50s  trust 0.953  knn 0.952  dcorr 0.328
{"min_dist": 0.0, "n_neighbors": 5}                          seed=1    0.49s  trust 0.954  knn 0.946  dcorr 0.278
{"min_dist": 0.0, "n_neighbors": 5}                          seed=2    0.59s  trust 0.956  knn 0.956  dcorr 0.299
{"min_dist": 0.1, "n_neighbors": 5}                          seed=0    0.61s  trust 0.950  knn 0.951  dcorr 0.334
{"min_dist": 0.1, "n_neighbors": 5}                          seed=1    0.68s  trust 0.953  knn 0.945  dcorr 0.291
{"min_dist": 0.1, "n_neighbors": 5}                          seed=2    0.70s  trust 0.954  knn 0.954  dcorr 0.309
{"min_dist": 0.5, "n_neighbors": 5}                          seed=0    0.77s  trust 0.935  knn 0.930  dcorr 0.372
{"min_dist": 0.5, "n_neighbors": 5}                          seed=1    0.62s  trust 0.938  knn 0.920  dcorr 0.323
{"min_dist": 0.5, "n_neighbors": 5}                          seed=2    0.69s  trust 0.939  knn 0.932  dcorr 0.349
{"min_dist": 0.0, "n_neighbors": 10}                         seed=0    0.68s  trust 0.953  knn 0.957  dcorr 0.318
{"min_dist": 0.0, "n_neighbors": 10}                         seed=1    0.62s  trust 0.955  knn 0.951  dcorr 0.277
{"min_dist": 0.0, "n_neighbors": 10}                         seed=2    0.71s  trust 0.957  knn 0.958  dcorr 0.308
{"min_dist": 0.1, "n_neighbors": 10}                         seed=0    0.60s  trust 0.951  knn 0.954  dcorr 0.331
{"min_dist": 0.1, "n_neighbors": 10}                         seed=1    0.69s  trust 0.953  knn 0.949  dcorr 0.289
{"min_dist": 0.1, "n_neighbors": 10}                         seed=2    0.72s  trust 0.954  knn 0.956  dcorr 0.323
{"min_dist": 0.5, "n_neighbors": 10}                         seed=0    0.72s  trust 0.938  knn 0.921  dcorr 0.371
{"min_dist": 0.5, "n_neighbors": 10}                         seed=1    0.73s  trust 0.939  knn 0.918  dcorr 0.324
{"min_dist": 0.5, "n_neighbors": 10}                         seed=2    0.63s  trust 0.941  knn 0.928  dcorr 0.353
{"min_dist": 0.0, "n_neighbors": 15}                         seed=0    0.70s  trust 0.954  knn 0.955  dcorr 0.320
{"min_dist": 0.0, "n_neighbors": 15}                         seed=1    0.74s  trust 0.954  knn 0.943  dcorr 0.248
{"min_dist": 0.0, "n_neighbors": 15}                         seed=2    0.80s  trust 0.953  knn 0.955  dcorr 0.283
{"min_dist": 0.1, "n_neighbors": 15}                         seed=0    0.70s  trust 0.952  knn 0.952  dcorr 0.329
{"min_dist": 0.1, "n_neighbors": 15}                         seed=1    0.70s  trust 0.953  knn 0.943  dcorr 0.264
{"min_dist": 0.1, "n_neighbors": 15}                         seed=2    0.65s  trust 0.954  knn 0.956  dcorr 0.334
{"min_dist": 0.5, "n_neighbors": 15}                         seed=0    0.65s  trust 0.937  knn 0.908  dcorr 0.378
{"min_dist": 0.5, "n_neighbors": 15}                         seed=1    0.59s  trust 0.940  knn 0.906  dcorr 0.335
{"min_dist": 0.5, "n_neighbors": 15}                         seed=2    0.69s  trust 0.941  knn 0.913  dcorr 0.359
{"min_dist": 0.0, "n_neighbors": 30}                         seed=0    0.72s  trust 0.953  knn 0.950  dcorr 0.319
{"min_dist": 0.0, "n_neighbors": 30}                         seed=1    0.80s  trust 0.955  knn 0.952  dcorr 0.259
{"min_dist": 0.0, "n_neighbors": 30}                         seed=2    0.73s  trust 0.957  knn 0.956  dcorr 0.306
{"min_dist": 0.1, "n_neighbors": 30}                         seed=0    0.69s  trust 0.952  knn 0.949  dcorr 0.327
{"min_dist": 0.1, "n_neighbors": 30}                         seed=1    0.74s  trust 0.954  knn 0.949  dcorr 0.271
{"min_dist": 0.1, "n_neighbors": 30}                         seed=2    0.74s  trust 0.955  knn 0.955  dcorr 0.315
{"min_dist": 0.5, "n_neighbors": 30}                         seed=0    0.67s  trust 0.937  knn 0.928  dcorr 0.374
{"min_dist": 0.5, "n_neighbors": 30}                         seed=1    0.70s  trust 0.940  knn 0.930  dcorr 0.309
{"min_dist": 0.5, "n_neighbors": 30}                         seed=2    0.65s  trust 0.941  knn 0.935  dcorr 0.354
{"min_dist": 0.0, "n_neighbors": 50}                         seed=0    0.75s  trust 0.950  knn 0.945  dcorr 0.332
{"min_dist": 0.0, "n_neighbors": 50}                         seed=1    0.86s  trust 0.951  knn 0.946  dcorr 0.286
{"min_dist": 0.0, "n_neighbors": 50}                         seed=2    0.67s  trust 0.954  knn 0.952  dcorr 0.328
{"min_dist": 0.1, "n_neighbors": 50}                         seed=0    0.79s  trust 0.948  knn 0.944  dcorr 0.346
{"min_dist": 0.1, "n_neighbors": 50}                         seed=1    0.71s  trust 0.951  knn 0.946  dcorr 0.285
{"min_dist": 0.1, "n_neighbors": 50}                         seed=2    0.72s  trust 0.952  knn 0.948  dcorr 0.332
{"min_dist": 0.5, "n_neighbors": 50}                         seed=0    0.78s  trust 0.937  knn 0.927  dcorr 0.351
{"min_dist": 0.5, "n_neighbors": 50}                         seed=1    0.79s  trust 0.938  knn 0.925  dcorr 0.277
{"min_dist": 0.5, "n_neighbors": 50}                         seed=2    0.73s  trust 0.941  knn 0.933  dcorr 0.347
best: {'min_dist': 0.0, 'n_neighbors': 10}  (trustworthiness 0.9550)
=== lvm
{"cells": {"n_cells": 150}, "landmarks": {"n_landmarks": 10}} seed=0    0.53s  trust 0.862  knn 0.744  dcorr -0.016
{"cells": {"n_cells": 150}, "landmarks": {"n_landmarks": 10}} seed=1    0.41s  trust 0.840  knn 0.712  dcorr -0.069
{"cells": {"n_cells": 150}, "landmarks": {"n_landmarks": 10}} seed=2    0.43s  trust 0.880  knn 0.768  dcorr -0.047
{"cells": {"n_cells": 150}, "landmarks": {"n_landmarks": 20}} seed=0    0.63s  trust 0.805  knn 0.613  dcorr -0.070
{"cells": {"n_cells": 150}, "landmarks": {"n_landmarks": 20}} seed=1    0.75s  trust 0.802  knn 0.587  dcorr -0.068
{"cells": {"n_cells": 150}, "landmarks": {"n_landmarks": 20}} seed=2    0.40s  trust 0.810  knn 0.642  dcorr -0.099
{"cells": {"n_cells": 150}, "landmarks": {"n_landmarks": 40}} seed=0    0.68s  trust 0.808  knn 0.607  dcorr -0.178
{"cells": {"n_cells": 150}, "landmarks": {"n_landmarks": 40}} seed=1    0.42s  trust 0.800  knn 0.601  dcorr -0.099
{"cells": {"n_cells": 150}, "landmarks": {"n_landmarks": 40}} seed=2    0.60s  trust 0.763  knn 0.581  dcorr -0.226
{"cells": {"n_cells": 200}, "landmarks": {"n_landmarks": 10}} seed=0    0.68s  trust 0.870  knn 0.732  dcorr 0.053
{"cells": {"n_cells": 200}, "landmarks": {"n_landmarks": 10}} seed=1    0.44s  trust 0.865  knn 0.733  dcorr -0.018
{"cells": {"n_cells": 200}, "landmarks": {"n_landmarks": 10}} seed=2    0.85s  trust 0.861  knn 0.787  dcorr -0.046
{"cells": {"n_cells": 200}, "landmarks": {"n_landmarks": 20}} seed=0    0.42s  trust 0.860  knn 0.728  dcorr -0.041
{"cells": {"n_cells": 200}, "landmarks": {"n_landmarks": 20}} seed=1    0.52s  trust 0.827  knn 0.655  dcorr -0.042
{"cells": {"n_cells": 200}, "landmarks": {"n_landmarks": 20}} seed=2    0.78s  trust 0.839  knn 0.674  dcorr -0.119
{"cells": {"n_cells": 200}, "landmarks": {"n_landmarks": 40}} seed=0    0.42s  trust 0.797  knn 0.593  dcorr -0.117
{"cells": {"n_cells": 200}, "landmarks": {"n_landmarks": 40}} seed=1    0.79s  trust 0.775  knn 0.596  dcorr -0.136
{"cells": {"n_cells": 200}, "landmarks": {"n_landmarks": 40}} seed=2    0.43s  trust 0.808  knn 0.616  dcorr -0.216
{"cells": {"n_cells": 300}, "landmarks": {"n_landmarks": 10}} seed=0    0.72s  trust 0.853  knn 0.729  dcorr 0.004
{"cells": {"n_cells": 300}, "landmarks": {"n_landmarks": 10}} seed=1    0.57s  trust 0.851  knn 0.740  dcorr 0.045
{"cells": {"n_cells": 300}, "landmarks": {"n_landmarks": 10}} seed=2    0.56s  trust 0.838  knn 0.740  dcorr 0.001
{"cells": {"n_cells": 300}, "landmarks": {"n_landmarks": 20}} seed=0    0.59s  trust 0.853  knn 0.745  dcorr -0.101
{"cells": {"n_cells": 300}, "landmarks": {"n_landmarks": 20}} seed=1    0.53s  trust 0.845  knn 0.715  dcorr -0.092
{"cells": {"n_cells": 300}, "landmarks": {"n_landmarks": 20}} seed=2    0.53s  trust 0.848  knn 0.746  dcorr -0.122
{"cells": {"n_cells": 300}, "landmarks": {"n_landmarks": 40}} seed=0    0.64s  trust 0.808  knn 0.629  dcorr -0.159
{"cells": {"n_cells": 300}, "landmarks": {"n_landmarks": 40}} seed=1    0.61s  trust 0.789  knn 0.619  dcorr -0.104
{"cells": {"n_cells": 300}, "landmarks": {"n_landmarks": 40}} seed=2    0.59s  trust 0.799  knn 0.631  dcorr -0.194
{"cells": {"n_cells": 400}, "landmarks": {"n_landmarks": 10}} seed=0    0.65s  trust 0.850  knn 0.743  dcorr 0.093
{"cells": {"n_cells": 400}, "landmarks": {"n_landmarks": 10}} seed=1    0.72s  trust 0.829  knn 0.698  dcorr 0.061
{"cells": {"n_cells": 400}, "landmarks": {"n_landmarks": 10}} seed=2    0.64s  trust 0.849  knn 0.729  dcorr 0.046
{"cells": {"n_cells": 400}, "landmarks": {"n_landmarks": 20}} seed=0    0.76s  trust 0.848  knn 0.733  dcorr -0.047
{"cells": {"n_cells": 400}, "landmarks": {"n_landmarks": 20}} seed=1    0.73s  trust 0.817  knn 0.689  dcorr -0.097
{"cells": {"n_cells": 400}, "landmarks": {"n_landmarks": 20}} seed=2    0.69s  trust 0.831  knn 0.706  dcorr -0.117
{"cells": {"n_cells": 400}, "landmarks": {"n_landmarks": 40}} seed=0    0.87s  trust 0.828  knn 0.680  dcorr -0.158
{"cells": {"n_cells": 400}, "landmarks": {"n_landmarks": 40}} seed=1    0.92s  trust 0.790  knn 0.640  dcorr -0.203
{"cells": {"n_cells": 400}, "landmarks": {"n_landmarks": 40}} seed=2    0.89s  trust 0.789  knn 0.641  dcorr -0.152
{"cells": {"n_cells": 600}, "landmarks": {"n_landmarks": 10}} seed=0    0.87s  trust 0.815  knn 0.684  dcorr 0.132
{"cells": {"n_cells": 600}, "landmarks": {"n_landmarks": 10}} seed=1    0.90s  trust 0.821  knn 0.690  dcorr 0.121
{"cells": {"n_cells": 600}, "landmarks": {"n_landmarks": 10}} seed=2    0.96s  trust 0.825  knn 0.750  dcorr 0.134
{"cells": {"n_cells": 600}, "landmarks": {"n_landmarks": 20}} seed=0    0.98s  trust 0.787  knn 0.657  dcorr -0.072
{"cells": {"n_cells": 600}, "landmarks": {"n_landmarks": 20}} seed=1    1.05s  trust 0.814  knn 0.683  dcorr -0.098
{"cells": {"n_cells": 600}, "landmarks": {"n_landmarks": 20}} seed=2    1.05s  trust 0.798  knn 0.669  dcorr -0.061
{"cells": {"n_cells": 600}, "landmarks": {"n_landmarks": 40}} seed=0    1.19s  trust 0.789  knn 0.640  dcorr -0.178
{"cells": {"n_cells": 600}, "landmarks": {"n_landmarks": 40}} seed=1    1.07s  trust 0.795  knn 0.668  dcorr -0.212
{"cells": {"n_cells": 600}, "landmarks": {"n_landmarks": 40}} seed=2    1.15s  trust 0.786  knn 0.644  dcorr -0.205
best: {'cells': {'n_cells': 200}, 'landmarks': {'n_landmarks': 10}}  (trustworthiness 0.8654)
