lvm_gpu   n=  5000 seed=0     0.95s  rss  2326MB  gpu    64MB  trust 0.925  knn 0.777  dcorr 0.504
lvm_gpu   n=  5000 seed=1     0.88s  rss  2325MB  gpu    64MB  trust 0.922  knn 0.809  dcorr 0.416
lvm_gpu   n=  5000 seed=2     0.85s  rss  2326MB  gpu    64MB  trust 0.920  knn 0.781  dcorr 0.497
lvm_gpu   n= 10000 seed=0     1.51s  rss  2446MB  gpu    94MB  trust 0.912  knn 0.794  dcorr 0.545
lvm_gpu   n= 10000 seed=1     1.54s  rss  2447MB  gpu    94MB  trust 0.913  knn 0.804  dcorr 0.504
lvm_gpu   n= 10000 seed=2     1.54s  rss  2446MB  gpu    94MB  trust 0.924  knn 0.792  dcorr 0.525
lvm_gpu   n= 20000 seed=0     1.56s  rss  2618MB  gpu    94MB  trust 0.914  knn 0.805  dcorr 0.499
lvm_gpu   n= 20000 seed=1     1.74s  rss  2619MB  gpu    94MB  trust 0.926  knn 0.810  dcorr 0.511
lvm_gpu   n= 20000 seed=2     1.59s  rss  2619MB  gpu    94MB  trust 0.919  knn 0.808  dcorr 0.476
lvm_gpu   n= 40000 seed=0     1.98s  rss  2956MB  gpu   142MB  trust 0.922  knn 0.823  dcorr 0.502
lvm_gpu   n= 40000 seed=1     1.88s  rss  2956MB  gpu   142MB  trust 0.919  knn 0.809  dcorr 0.459
lvm_gpu   n= 40000 seed=2     1.95s  rss  2955MB  gpu   142MB  trust 0.922  knn 0.829  dcorr 0.481
lvm_gpu   n= 50000 seed=0     2.00s  rss  3219MB  gpu   172MB  trust 0.922  knn 0.827  dcorr 0.415
lvm_gpu   n= 50000 seed=1     2.22s  rss  3219MB  gpu   172MB  trust 0.935  knn 0.845  dcorr 0.539
lvm_gpu   n= 50000 seed=2     2.08s  rss  3219MB  gpu   172MB  trust 0.922  knn 0.825  dcorr 0.492
[guard] peak memory 3729 MB (limit 5500 MB)
lvm_gpu   n=  5000 seed=0     0.82s  rss  2326MB  gpu    64MB  trust 0.925  knn 0.772  dcorr 0.510
lvm_gpu   n=  5000 seed=1     0.73s  rss  2326MB  gpu    64MB  trust 0.917  knn 0.805  dcorr 0.389
lvm_gpu   n=  5000 seed=2     0.81s  rss  2326MB  gpu    64MB  trust 0.918  knn 0.796  dcorr 0.485
lvm_gpu   n= 10000 seed=0     1.53s  rss  2447MB  gpu    94MB  trust 0.910  knn 0.797  dcorr 0.547
lvm_gpu   n= 10000 seed=1     1.29s  rss  2447MB  gpu    94MB  trust 0.913  knn 0.807  dcorr 0.510
lvm_gpu   n= 10000 seed=2     1.30s  rss  2446MB  gpu    94MB  trust 0.923  knn 0.789  dcorr 0.526
lvm_gpu   n= 20000 seed=0     1.53s  rss  2619MB  gpu    94MB  trust 0.914  knn 0.803  dcorr 0.502
lvm_gpu   n= 20000 seed=1     1.42s  rss  2619MB  gpu    94MB  trust 0.930  knn 0.810  dcorr 0.484
lvm_gpu   n= 20000 seed=2     1.42s  rss  2618MB  gpu    94MB  trust 0.918  knn 0.811  dcorr 0.470
lvm_gpu   n= 40000 seed=0     2.06s  rss  2956MB  gpu   142MB  trust 0.924  knn 0.822  dcorr 0.495
lvm_gpu   n= 40000 seed=1     2.13s  rss  2956MB  gpu   142MB  trust 0.921  knn 0.816  dcorr 0.468
lvm_gpu   n= 40000 seed=2     1.90s  rss  2956MB  gpu   142MB  trust 0.921  knn 0.835  dcorr 0.481
lvm_gpu   n= 50000 seed=0     1.94s  rss  3219MB  gpu   172MB  trust 0.923  knn 0.824  dcorr 0.410
lvm_gpu   n= 50000 seed=1     2.64s  rss  3219MB  gpu   172MB  trust 0.935  knn 0.844  dcorr 0.539
lvm_gpu   n= 50000 seed=2     2.01s  rss  3219MB  gpu   172MB  trust 0.922  knn 0.823  dcorr 0.493
[guard] peak memory 3712 MB (limit 5500 MB)
tsne_gpu  n=  5000 seed=0     0.62s  rss  1193MB  gpu    60MB  trust 0.978  knn 0.921  dcorr 0.476
tsne_gpu  n=  5000 seed=1     0.69s  rss  1192MB  gpu    60MB  trust 0.979  knn 0.921  dcorr 0.458
tsne_gpu  n=  5000 seed=2     0.68s  rss  1193MB  gpu    60MB  trust 0.979  knn 0.916  dcorr 0.399
tsne_gpu  n= 10000 seed=0     0.78s  rss  1259MB  gpu   116MB  trust 0.979  knn 0.933  dcorr 0.377
tsne_gpu  n= 10000 seed=1     0.73s  rss  1259MB  gpu   116MB  trust 0.979  knn 0.921  dcorr 0.440
tsne_gpu  n= 10000 seed=2     0.72s  rss  1259MB  gpu   116MB  trust 0.979  knn 0.928  dcorr 0.374
tsne_gpu  n= 20000 seed=0     1.04s  rss  1394MB  gpu   232MB  trust 0.978  knn 0.946  dcorr 0.395
tsne_gpu  n= 20000 seed=1     1.00s  rss  1394MB  gpu   232MB  trust 0.978  knn 0.943  dcorr 0.360
tsne_gpu  n= 20000 seed=2     1.07s  rss  1394MB  gpu   232MB  trust 0.978  knn 0.945  dcorr 0.374
tsne_gpu  n= 40000 seed=0     2.24s  rss  1645MB  gpu   462MB  trust 0.978  knn 0.962  dcorr 0.357
tsne_gpu  n= 40000 seed=1     2.02s  rss  1645MB  gpu   462MB  trust 0.977  knn 0.950  dcorr 0.358
tsne_gpu  n= 40000 seed=2     2.07s  rss  1646MB  gpu   462MB  trust 0.977  knn 0.961  dcorr 0.356
tsne_gpu  n= 50000 seed=0     2.72s  rss  1836MB  gpu   576MB  trust 0.977  knn 0.956  dcorr 0.336
tsne_gpu  n= 50000 seed=1     3.46s  rss  1836MB  gpu   576MB  trust 0.978  knn 0.961  dcorr 0.350
tsne_gpu  n= 50000 seed=2     3.45s  rss  1836MB  gpu   576MB  trust 0.975  knn 0.955  dcorr 0.345
[guard] peak memory 2293 MB (limit 5500 MB)
